2026-08-08 00:28:13 | INFO     | federated.trainer      | Loading and partitioning dataset (strategy=preassigned)...
2026-08-08 00:28:15 | INFO     | federated.dataset_partition | Client 1 | train=14642 val=2584 classes=13
2026-08-08 00:28:15 | INFO     | federated.dataset_partition | Client 2 | train=14642 val=2584 classes=13
2026-08-08 00:28:15 | INFO     | federated.dataset_partition | Client 3 | train=14642 val=2584 classes=13
2026-08-08 00:28:16 | INFO     | federated.dataset_partition | Loaded global held-out test set | samples=7621 classes=13
2026-08-08 00:28:18 | INFO     | federated.trainer      | Setup complete | clients=3 | classes=13 | global_test_samples=7621
2026-08-08 00:28:18 | INFO     | federated.trainer      | ======================================================================
2026-08-08 00:28:18 | INFO     | federated.trainer      | COMMUNICATION ROUND 1 / 10
2026-08-08 00:28:18 | INFO     | federated.trainer      | ======================================================================
2026-08-08 00:28:18 | INFO     | federated.client.1     | Round 1 | client 1 | local training start (local_epochs=20, samples=14642)
2026-08-08 00:28:20 | INFO     | federated.client.1     | Round 1 | client 1 | local eval -> acc=0.8483 prec=0.8828 rec=0.9057 f1=0.8836 roc_auc=0.9930 loss=0.3698
2026-08-08 00:28:20 | INFO     | federated.client.2     | Round 1 | client 2 | local training start (local_epochs=20, samples=14642)
2026-08-08 00:28:22 | INFO     | federated.client.2     | Round 1 | client 2 | local eval -> acc=0.8595 prec=0.8846 rec=0.9043 f1=0.8842 roc_auc=0.9928 loss=0.3468
2026-08-08 00:28:22 | INFO     | federated.client.3     | Round 1 | client 3 | local training start (local_epochs=20, samples=14642)
2026-08-08 00:28:23 | INFO     | federated.client.3     | Round 1 | client 3 | local eval -> acc=0.8595 prec=0.8853 rec=0.9101 f1=0.8879 roc_auc=0.9932 loss=0.3555
2026-08-08 00:28:24 | INFO     | federated.trainer      | Round 1 broadcast -> model_version=global-v1 validation_passed=True
2026-08-08 00:28:24 | INFO     | federated.trainer      | ======================================================================
2026-08-08 00:28:24 | INFO     | federated.trainer      | COMMUNICATION ROUND 2 / 10
2026-08-08 00:28:24 | INFO     | federated.trainer      | ======================================================================
2026-08-08 00:28:24 | INFO     | federated.client.1     | Round 2 | client 1 | local training start (local_epochs=20, samples=14642)
2026-08-08 00:28:27 | INFO     | federated.client.1     | Round 2 | client 1 | local eval -> acc=0.8754 prec=0.8910 rec=0.9102 f1=0.8952 roc_auc=0.9937 loss=0.2276
2026-08-08 00:28:27 | INFO     | federated.client.2     | Round 2 | client 2 | local training start (local_epochs=20, samples=14642)
2026-08-08 00:28:30 | INFO     | federated.client.2     | Round 2 | client 2 | local eval -> acc=0.8820 prec=0.8893 rec=0.9047 f1=0.8926 roc_auc=0.9935 loss=0.2123
2026-08-08 00:28:30 | INFO     | federated.client.3     | Round 2 | client 3 | local training start (local_epochs=20, samples=14642)
2026-08-08 00:28:32 | INFO     | federated.client.3     | Round 2 | client 3 | local eval -> acc=0.8897 prec=0.9009 rec=0.9176 f1=0.9046 roc_auc=0.9939 loss=0.2178
2026-08-08 00:28:33 | INFO     | federated.trainer      | Round 2 broadcast -> model_version=global-v2 validation_passed=True
2026-08-08 00:28:33 | INFO     | federated.trainer      | ======================================================================
2026-08-08 00:28:33 | INFO     | federated.trainer      | COMMUNICATION ROUND 3 / 10
2026-08-08 00:28:33 | INFO     | federated.trainer      | ======================================================================
2026-08-08 00:28:33 | INFO     | federated.client.1     | Round 3 | client 1 | local training start (local_epochs=20, samples=14642)
2026-08-08 00:28:37 | INFO     | federated.client.1     | Round 3 | client 1 | local eval -> acc=0.8936 prec=0.8976 rec=0.9085 f1=0.9004 roc_auc=0.9937 loss=0.2074
2026-08-08 00:28:37 | INFO     | federated.client.2     | Round 3 | client 2 | local training start (local_epochs=20, samples=14642)
2026-08-08 00:28:41 | INFO     | federated.client.2     | Round 3 | client 2 | local eval -> acc=0.8978 prec=0.8987 rec=0.9088 f1=0.9016 roc_auc=0.9938 loss=0.1965
2026-08-08 00:28:41 | INFO     | federated.client.3     | Round 3 | client 3 | local training start (local_epochs=20, samples=14642)
2026-08-08 00:28:44 | INFO     | federated.client.3     | Round 3 | client 3 | local eval -> acc=0.8947 prec=0.8993 rec=0.9121 f1=0.9028 roc_auc=0.9941 loss=0.2006
2026-08-08 00:28:45 | INFO     | federated.trainer      | Round 3 broadcast -> model_version=global-v3 validation_passed=True
2026-08-08 00:28:45 | INFO     | federated.trainer      | ======================================================================
2026-08-08 00:28:45 | INFO     | federated.trainer      | COMMUNICATION ROUND 4 / 10
2026-08-08 00:28:45 | INFO     | federated.trainer      | ======================================================================
2026-08-08 00:28:45 | INFO     | federated.client.1     | Round 4 | client 1 | local training start (local_epochs=20, samples=14642)
2026-08-08 00:28:50 | INFO     | federated.client.1     | Round 4 | client 1 | local eval -> acc=0.8986 prec=0.9002 rec=0.9067 f1=0.9015 roc_auc=0.9937 loss=0.2028
2026-08-08 00:28:50 | INFO     | federated.client.2     | Round 4 | client 2 | local training start (local_epochs=20, samples=14642)
2026-08-08 00:28:55 | INFO     | federated.client.2     | Round 4 | client 2 | local eval -> acc=0.9063 prec=0.9040 rec=0.9110 f1=0.9067 roc_auc=0.9940 loss=0.1909
2026-08-08 00:28:55 | INFO     | federated.client.3     | Round 4 | client 3 | local training start (local_epochs=20, samples=14642)
2026-08-08 00:29:00 | INFO     | federated.client.3     | Round 4 | client 3 | local eval -> acc=0.9033 prec=0.9025 rec=0.9108 f1=0.9056 roc_auc=0.9941 loss=0.1946
2026-08-08 00:29:00 | INFO     | federated.trainer      | Round 4 broadcast -> model_version=global-v4 validation_passed=True
2026-08-08 00:29:00 | INFO     | federated.trainer      | ======================================================================
2026-08-08 00:29:00 | INFO     | federated.trainer      | COMMUNICATION ROUND 5 / 10
2026-08-08 00:29:00 | INFO     | federated.trainer      | ======================================================================
2026-08-08 00:29:00 | INFO     | federated.client.1     | Round 5 | client 1 | local training start (local_epochs=20, samples=14642)
2026-08-08 00:29:06 | INFO     | federated.client.1     | Round 5 | client 1 | local eval -> acc=0.9002 prec=0.8987 rec=0.9041 f1=0.9004 roc_auc=0.9937 loss=0.2030
2026-08-08 00:29:06 | INFO     | federated.client.2     | Round 5 | client 2 | local training start (local_epochs=20, samples=14642)
2026-08-08 00:29:12 | INFO     | federated.client.2     | Round 5 | client 2 | local eval -> acc=0.9079 prec=0.9035 rec=0.9085 f1=0.9055 roc_auc=0.9939 loss=0.1936
2026-08-08 00:29:12 | INFO     | federated.client.3     | Round 5 | client 3 | local training start (local_epochs=20, samples=14642)
2026-08-08 00:29:18 | INFO     | federated.client.3     | Round 5 | client 3 | local eval -> acc=0.9033 prec=0.9018 rec=0.9091 f1=0.9046 roc_auc=0.9941 loss=0.1947
2026-08-08 00:29:19 | INFO     | federated.trainer      | Round 5 broadcast -> model_version=global-v5 validation_passed=True
2026-08-08 00:29:19 | INFO     | federated.trainer      | ======================================================================
2026-08-08 00:29:19 | INFO     | federated.trainer      | COMMUNICATION ROUND 6 / 10
2026-08-08 00:29:19 | INFO     | federated.trainer      | ======================================================================
2026-08-08 00:29:19 | INFO     | federated.client.1     | Round 6 | client 1 | local training start (local_epochs=20, samples=14642)
2026-08-08 00:29:26 | INFO     | federated.client.1     | Round 6 | client 1 | local eval -> acc=0.9040 prec=0.9018 rec=0.9047 f1=0.9024 roc_auc=0.9937 loss=0.2067
2026-08-08 00:29:26 | INFO     | federated.client.2     | Round 6 | client 2 | local training start (local_epochs=20, samples=14642)
2026-08-08 00:29:33 | INFO     | federated.client.2     | Round 6 | client 2 | local eval -> acc=0.9102 prec=0.9059 rec=0.9095 f1=0.9072 roc_auc=0.9938 loss=0.2001
2026-08-08 00:29:33 | INFO     | federated.client.3     | Round 6 | client 3 | local training start (local_epochs=20, samples=14642)
2026-08-08 00:29:40 | INFO     | federated.client.3     | Round 6 | client 3 | local eval -> acc=0.9087 prec=0.9057 rec=0.9104 f1=0.9077 roc_auc=0.9940 loss=0.1998
2026-08-08 00:29:41 | INFO     | federated.trainer      | Round 6 broadcast -> model_version=global-v6 validation_passed=True
2026-08-08 00:29:41 | INFO     | federated.trainer      | ======================================================================
2026-08-08 00:29:41 | INFO     | federated.trainer      | COMMUNICATION ROUND 7 / 10
2026-08-08 00:29:41 | INFO     | federated.trainer      | ======================================================================
2026-08-08 00:29:41 | INFO     | federated.client.1     | Round 7 | client 1 | local training start (local_epochs=20, samples=14642)
2026-08-08 00:29:50 | INFO     | federated.client.1     | Round 7 | client 1 | local eval -> acc=0.9052 prec=0.9028 rec=0.9034 f1=0.9024 roc_auc=0.9936 loss=0.2140
2026-08-08 00:29:50 | INFO     | federated.client.2     | Round 7 | client 2 | local training start (local_epochs=20, samples=14642)
2026-08-08 00:29:58 | INFO     | federated.client.2     | Round 7 | client 2 | local eval -> acc=0.9091 prec=0.9046 rec=0.9046 f1=0.9044 roc_auc=0.9938 loss=0.2077
2026-08-08 00:29:58 | INFO     | federated.client.3     | Round 7 | client 3 | local training start (local_epochs=20, samples=14642)
2026-08-08 00:30:06 | INFO     | federated.client.3     | Round 7 | client 3 | local eval -> acc=0.9079 prec=0.9034 rec=0.9064 f1=0.9047 roc_auc=0.9939 loss=0.2082
2026-08-08 00:30:07 | INFO     | federated.trainer      | Round 7 broadcast -> model_version=global-v7 validation_passed=True
2026-08-08 00:30:07 | INFO     | federated.trainer      | ======================================================================
2026-08-08 00:30:07 | INFO     | federated.trainer      | COMMUNICATION ROUND 8 / 10
2026-08-08 00:30:07 | INFO     | federated.trainer      | ======================================================================
2026-08-08 00:30:07 | INFO     | federated.client.1     | Round 8 | client 1 | local training start (local_epochs=20, samples=14642)
2026-08-08 00:30:17 | INFO     | federated.client.1     | Round 8 | client 1 | local eval -> acc=0.9040 prec=0.9012 rec=0.9019 f1=0.9008 roc_auc=0.9935 loss=0.2216
2026-08-08 00:30:17 | INFO     | federated.client.2     | Round 8 | client 2 | local training start (local_epochs=20, samples=14642)
2026-08-08 00:30:26 | INFO     | federated.client.2     | Round 8 | client 2 | local eval -> acc=0.9094 prec=0.9046 rec=0.9035 f1=0.9040 roc_auc=0.9937 loss=0.2164
2026-08-08 00:30:26 | INFO     | federated.client.3     | Round 8 | client 3 | local training start (local_epochs=20, samples=14642)
2026-08-08 00:30:36 | INFO     | federated.client.3     | Round 8 | client 3 | local eval -> acc=0.9056 prec=0.9020 rec=0.9041 f1=0.9030 roc_auc=0.9938 loss=0.2172
2026-08-08 00:30:37 | INFO     | federated.trainer      | Round 8 broadcast -> model_version=global-v8 validation_passed=True
2026-08-08 00:30:37 | INFO     | federated.trainer      | ======================================================================
2026-08-08 00:30:37 | INFO     | federated.trainer      | COMMUNICATION ROUND 9 / 10
2026-08-08 00:30:37 | INFO     | federated.trainer      | ======================================================================
2026-08-08 00:30:37 | INFO     | federated.client.1     | Round 9 | client 1 | local training start (local_epochs=20, samples=14642)
2026-08-08 00:30:47 | INFO     | federated.client.1     | Round 9 | client 1 | local eval -> acc=0.9075 prec=0.9045 rec=0.9032 f1=0.9031 roc_auc=0.9935 loss=0.2293
2026-08-08 00:30:47 | INFO     | federated.client.2     | Round 9 | client 2 | local training start (local_epochs=20, samples=14642)
2026-08-08 00:31:00 | INFO     | federated.client.2     | Round 9 | client 2 | local eval -> acc=0.9091 prec=0.9038 rec=0.9021 f1=0.9028 roc_auc=0.9937 loss=0.2255
2026-08-08 00:31:00 | INFO     | federated.client.3     | Round 9 | client 3 | local training start (local_epochs=20, samples=14642)
2026-08-08 00:31:11 | INFO     | federated.client.3     | Round 9 | client 3 | local eval -> acc=0.9079 prec=0.9045 rec=0.9042 f1=0.9044 roc_auc=0.9938 loss=0.2259
2026-08-08 00:31:12 | INFO     | federated.trainer      | Round 9 broadcast -> model_version=global-v9 validation_passed=True
2026-08-08 00:31:12 | INFO     | federated.trainer      | ======================================================================
2026-08-08 00:31:12 | INFO     | federated.trainer      | COMMUNICATION ROUND 10 / 10
2026-08-08 00:31:12 | INFO     | federated.trainer      | ======================================================================
2026-08-08 00:31:12 | INFO     | federated.client.1     | Round 10 | client 1 | local training start (local_epochs=20, samples=14642)
2026-08-08 00:31:24 | INFO     | federated.client.1     | Round 10 | client 1 | local eval -> acc=0.9102 prec=0.9079 rec=0.9063 f1=0.9066 roc_auc=0.9935 loss=0.2369
2026-08-08 00:31:24 | INFO     | federated.client.2     | Round 10 | client 2 | local training start (local_epochs=20, samples=14642)
2026-08-08 00:31:36 | INFO     | federated.client.2     | Round 10 | client 2 | local eval -> acc=0.9114 prec=0.9068 rec=0.9052 f1=0.9057 roc_auc=0.9936 loss=0.2361
2026-08-08 00:31:37 | INFO     | federated.client.3     | Round 10 | client 3 | local training start (local_epochs=20, samples=14642)
2026-08-08 00:31:52 | INFO     | federated.client.3     | Round 10 | client 3 | local eval -> acc=0.9067 prec=0.9026 rec=0.9014 f1=0.9019 roc_auc=0.9937 loss=0.2360
2026-08-08 00:31:53 | INFO     | federated.trainer      | Round 10 broadcast -> model_version=global-v10 validation_passed=True
2026-08-08 00:31:57 | INFO     | federated.dataset_partition | Loaded global held-out test set | samples=7621 classes=13
2026-08-08 01:13:43 | INFO     | federated.trainer      | Loading and partitioning dataset (strategy=preassigned)...
2026-08-08 01:13:44 | INFO     | federated.dataset_partition | Client 1 | train=14642 val=2584 classes=13
2026-08-08 01:13:44 | INFO     | federated.dataset_partition | Client 2 | train=14642 val=2584 classes=13
2026-08-08 01:13:44 | INFO     | federated.dataset_partition | Client 3 | train=14642 val=2584 classes=13
2026-08-08 01:13:44 | INFO     | federated.dataset_partition | Loaded global held-out test set | samples=7621 classes=13
2026-08-08 01:13:45 | INFO     | federated.trainer      | Setup complete | clients=3 | classes=13 | global_test_samples=7621
2026-08-08 01:13:45 | INFO     | federated.trainer      | ======================================================================
2026-08-08 01:13:45 | INFO     | federated.trainer      | COMMUNICATION ROUND 1 / 10
2026-08-08 01:13:45 | INFO     | federated.trainer      | ======================================================================
2026-08-08 01:13:45 | INFO     | federated.client.1     | Round 1 | client 1 | local training start (local_epochs=20, samples=14642)
2026-08-08 01:13:46 | INFO     | federated.client.1     | Round 1 | client 1 | local eval -> acc=0.8444 prec=0.8788 rec=0.9019 f1=0.8800 roc_auc=0.9923 loss=0.3766
2026-08-08 01:13:46 | INFO     | federated.client.2     | Round 1 | client 2 | local training start (local_epochs=20, samples=14642)
2026-08-08 01:13:47 | INFO     | federated.client.2     | Round 1 | client 2 | local eval -> acc=0.8591 prec=0.8823 rec=0.9056 f1=0.8847 roc_auc=0.9928 loss=0.3480
2026-08-08 01:13:47 | INFO     | federated.client.3     | Round 1 | client 3 | local training start (local_epochs=20, samples=14642)
2026-08-08 01:13:47 | INFO     | federated.client.3     | Round 1 | client 3 | local eval -> acc=0.8576 prec=0.8827 rec=0.9062 f1=0.8851 roc_auc=0.9928 loss=0.3559
2026-08-08 01:13:47 | INFO     | federated.trainer      | Round 1 broadcast -> model_version=global-v1 validation_passed=True
2026-08-08 01:13:47 | INFO     | federated.trainer      | ======================================================================
2026-08-08 01:13:47 | INFO     | federated.trainer      | COMMUNICATION ROUND 2 / 10
2026-08-08 01:13:47 | INFO     | federated.trainer      | ======================================================================
2026-08-08 01:13:47 | INFO     | federated.client.1     | Round 2 | client 1 | local training start (local_epochs=20, samples=14642)
2026-08-08 01:13:48 | INFO     | federated.client.1     | Round 2 | client 1 | local eval -> acc=0.8711 prec=0.8846 rec=0.9055 f1=0.8888 roc_auc=0.9931 loss=0.2378
2026-08-08 01:13:48 | INFO     | federated.client.2     | Round 2 | client 2 | local training start (local_epochs=20, samples=14642)
2026-08-08 01:13:50 | INFO     | federated.client.2     | Round 2 | client 2 | local eval -> acc=0.8854 prec=0.8945 rec=0.9124 f1=0.8986 roc_auc=0.9937 loss=0.2141
2026-08-08 01:13:50 | INFO     | federated.client.3     | Round 2 | client 3 | local training start (local_epochs=20, samples=14642)
2026-08-08 01:13:51 | INFO     | federated.client.3     | Round 2 | client 3 | local eval -> acc=0.8765 prec=0.8892 rec=0.9060 f1=0.8925 roc_auc=0.9935 loss=0.2201
2026-08-08 01:13:51 | INFO     | federated.trainer      | Round 2 broadcast -> model_version=global-v2 validation_passed=True
2026-08-08 01:13:51 | INFO     | federated.trainer      | ======================================================================
2026-08-08 01:13:51 | INFO     | federated.trainer      | COMMUNICATION ROUND 3 / 10
2026-08-08 01:13:51 | INFO     | federated.trainer      | ======================================================================
2026-08-08 01:13:51 | INFO     | federated.client.1     | Round 3 | client 1 | local training start (local_epochs=20, samples=14642)
2026-08-08 01:13:52 | INFO     | federated.client.1     | Round 3 | client 1 | local eval -> acc=0.8851 prec=0.8867 rec=0.9006 f1=0.8908 roc_auc=0.9934 loss=0.2134
2026-08-08 01:13:52 | INFO     | federated.client.2     | Round 3 | client 2 | local training start (local_epochs=20, samples=14642)
2026-08-08 01:13:53 | INFO     | federated.client.2     | Round 3 | client 2 | local eval -> acc=0.9048 prec=0.9036 rec=0.9140 f1=0.9073 roc_auc=0.9939 loss=0.1962
2026-08-08 01:13:53 | INFO     | federated.client.3     | Round 3 | client 3 | local training start (local_epochs=20, samples=14642)
2026-08-08 01:13:54 | INFO     | federated.client.3     | Round 3 | client 3 | local eval -> acc=0.8909 prec=0.8933 rec=0.9062 f1=0.8974 roc_auc=0.9936 loss=0.2019
2026-08-08 01:13:55 | INFO     | federated.trainer      | Round 3 broadcast -> model_version=global-v3 validation_passed=True
2026-08-08 01:13:55 | INFO     | federated.trainer      | ======================================================================
2026-08-08 01:13:55 | INFO     | federated.trainer      | COMMUNICATION ROUND 4 / 10
2026-08-08 01:13:55 | INFO     | federated.trainer      | ======================================================================
2026-08-08 01:13:55 | INFO     | federated.client.1     | Round 4 | client 1 | local training start (local_epochs=20, samples=14642)
2026-08-08 01:13:56 | INFO     | federated.client.1     | Round 4 | client 1 | local eval -> acc=0.8889 prec=0.8896 rec=0.8985 f1=0.8915 roc_auc=0.9934 loss=0.2082
2026-08-08 01:13:56 | INFO     | federated.client.2     | Round 4 | client 2 | local training start (local_epochs=20, samples=14642)
2026-08-08 01:13:58 | INFO     | federated.client.2     | Round 4 | client 2 | local eval -> acc=0.9083 prec=0.9052 rec=0.9115 f1=0.9075 roc_auc=0.9939 loss=0.1932
2026-08-08 01:13:58 | INFO     | federated.client.3     | Round 4 | client 3 | local training start (local_epochs=20, samples=14642)
2026-08-08 01:13:59 | INFO     | federated.client.3     | Round 4 | client 3 | local eval -> acc=0.8959 prec=0.8947 rec=0.9036 f1=0.8979 roc_auc=0.9937 loss=0.1963
2026-08-08 01:14:00 | INFO     | federated.trainer      | Round 4 broadcast -> model_version=global-v4 validation_passed=True
2026-08-08 01:14:00 | INFO     | federated.trainer      | ======================================================================
2026-08-08 01:14:00 | INFO     | federated.trainer      | COMMUNICATION ROUND 5 / 10
2026-08-08 01:14:00 | INFO     | federated.trainer      | ======================================================================
2026-08-08 01:14:00 | INFO     | federated.client.1     | Round 5 | client 1 | local training start (local_epochs=20, samples=14642)
2026-08-08 01:14:02 | INFO     | federated.client.1     | Round 5 | client 1 | local eval -> acc=0.8901 prec=0.8882 rec=0.8951 f1=0.8901 roc_auc=0.9934 loss=0.2089
2026-08-08 01:14:02 | INFO     | federated.client.2     | Round 5 | client 2 | local training start (local_epochs=20, samples=14642)
2026-08-08 01:14:03 | INFO     | federated.client.2     | Round 5 | client 2 | local eval -> acc=0.9118 prec=0.9077 rec=0.9107 f1=0.9086 roc_auc=0.9939 loss=0.1948
2026-08-08 01:14:03 | INFO     | federated.client.3     | Round 5 | client 3 | local training start (local_epochs=20, samples=14642)
2026-08-08 01:14:06 | INFO     | federated.client.3     | Round 5 | client 3 | local eval -> acc=0.9033 prec=0.8990 rec=0.9050 f1=0.9015 roc_auc=0.9939 loss=0.1934
2026-08-08 01:14:06 | INFO     | federated.trainer      | Round 5 broadcast -> model_version=global-v5 validation_passed=True
2026-08-08 01:14:06 | INFO     | federated.trainer      | ======================================================================
2026-08-08 01:14:06 | INFO     | federated.trainer      | COMMUNICATION ROUND 6 / 10
2026-08-08 01:14:06 | INFO     | federated.trainer      | ======================================================================
2026-08-08 01:14:06 | INFO     | federated.client.1     | Round 6 | client 1 | local training start (local_epochs=20, samples=14642)
2026-08-08 01:14:08 | INFO     | federated.client.1     | Round 6 | client 1 | local eval -> acc=0.8967 prec=0.8953 rec=0.8986 f1=0.8948 roc_auc=0.9933 loss=0.2137
2026-08-08 01:14:08 | INFO     | federated.client.2     | Round 6 | client 2 | local training start (local_epochs=20, samples=14642)
2026-08-08 01:14:11 | INFO     | federated.client.2     | Round 6 | client 2 | local eval -> acc=0.9118 prec=0.9073 rec=0.9094 f1=0.9080 roc_auc=0.9938 loss=0.2011
2026-08-08 01:14:11 | INFO     | federated.client.3     | Round 6 | client 3 | local training start (local_epochs=20, samples=14642)
2026-08-08 01:14:13 | INFO     | federated.client.3     | Round 6 | client 3 | local eval -> acc=0.9067 prec=0.9011 rec=0.9050 f1=0.9028 roc_auc=0.9939 loss=0.1963
2026-08-08 01:14:13 | INFO     | federated.trainer      | Round 6 broadcast -> model_version=global-v6 validation_passed=True
2026-08-08 01:14:13 | INFO     | federated.trainer      | ======================================================================
2026-08-08 01:14:13 | INFO     | federated.trainer      | COMMUNICATION ROUND 7 / 10
2026-08-08 01:14:13 | INFO     | federated.trainer      | ======================================================================
2026-08-08 01:14:13 | INFO     | federated.client.1     | Round 7 | client 1 | local training start (local_epochs=20, samples=14642)
2026-08-08 01:14:16 | INFO     | federated.client.1     | Round 7 | client 1 | local eval -> acc=0.8967 prec=0.8942 rec=0.8965 f1=0.8936 roc_auc=0.9933 loss=0.2211
2026-08-08 01:14:16 | INFO     | federated.client.2     | Round 7 | client 2 | local training start (local_epochs=20, samples=14642)
2026-08-08 01:14:20 | INFO     | federated.client.2     | Round 7 | client 2 | local eval -> acc=0.9122 prec=0.9070 rec=0.9087 f1=0.9075 roc_auc=0.9937 loss=0.2093
2026-08-08 01:14:20 | INFO     | federated.client.3     | Round 7 | client 3 | local training start (local_epochs=20, samples=14642)
2026-08-08 01:14:27 | INFO     | federated.client.3     | Round 7 | client 3 | local eval -> acc=0.9071 prec=0.9018 rec=0.9038 f1=0.9028 roc_auc=0.9939 loss=0.2006
2026-08-08 01:14:28 | INFO     | federated.trainer      | Round 7 broadcast -> model_version=global-v7 validation_passed=True
2026-08-08 01:14:28 | INFO     | federated.trainer      | ======================================================================
2026-08-08 01:14:28 | INFO     | federated.trainer      | COMMUNICATION ROUND 8 / 10
2026-08-08 01:14:28 | INFO     | federated.trainer      | ======================================================================
2026-08-08 01:14:28 | INFO     | federated.client.1     | Round 8 | client 1 | local training start (local_epochs=20, samples=14642)
2026-08-08 01:14:36 | INFO     | federated.client.1     | Round 8 | client 1 | local eval -> acc=0.8982 prec=0.8956 rec=0.8973 f1=0.8946 roc_auc=0.9932 loss=0.2287
2026-08-08 01:14:36 | INFO     | federated.client.2     | Round 8 | client 2 | local training start (local_epochs=20, samples=14642)
2026-08-08 01:14:43 | INFO     | federated.client.2     | Round 8 | client 2 | local eval -> acc=0.9145 prec=0.9099 rec=0.9097 f1=0.9093 roc_auc=0.9937 loss=0.2179
2026-08-08 01:14:43 | INFO     | federated.client.3     | Round 8 | client 3 | local training start (local_epochs=20, samples=14642)
2026-08-08 01:14:51 | INFO     | federated.client.3     | Round 8 | client 3 | local eval -> acc=0.9067 prec=0.9016 rec=0.9025 f1=0.9020 roc_auc=0.9939 loss=0.2073
2026-08-08 01:14:52 | INFO     | federated.trainer      | Round 8 broadcast -> model_version=global-v8 validation_passed=True
2026-08-08 01:14:52 | INFO     | federated.trainer      | ======================================================================
2026-08-08 01:14:52 | INFO     | federated.trainer      | COMMUNICATION ROUND 9 / 10
2026-08-08 01:14:52 | INFO     | federated.trainer      | ======================================================================
2026-08-08 01:14:52 | INFO     | federated.client.1     | Round 9 | client 1 | local training start (local_epochs=20, samples=14642)
2026-08-08 01:15:01 | INFO     | federated.client.1     | Round 9 | client 1 | local eval -> acc=0.9002 prec=0.8977 rec=0.8983 f1=0.8957 roc_auc=0.9932 loss=0.2378
2026-08-08 01:15:01 | INFO     | federated.client.2     | Round 9 | client 2 | local training start (local_epochs=20, samples=14642)
2026-08-08 01:15:10 | INFO     | federated.client.2     | Round 9 | client 2 | local eval -> acc=0.9149 prec=0.9102 rec=0.9090 f1=0.9094 roc_auc=0.9936 loss=0.2276
2026-08-08 01:15:10 | INFO     | federated.client.3     | Round 9 | client 3 | local training start (local_epochs=20, samples=14642)
2026-08-08 01:15:18 | INFO     | federated.client.3     | Round 9 | client 3 | local eval -> acc=0.9075 prec=0.9022 rec=0.9018 f1=0.9020 roc_auc=0.9938 loss=0.2158
2026-08-08 01:15:19 | INFO     | federated.trainer      | Round 9 broadcast -> model_version=global-v9 validation_passed=True
2026-08-08 01:15:19 | INFO     | federated.trainer      | ======================================================================
2026-08-08 01:15:19 | INFO     | federated.trainer      | COMMUNICATION ROUND 10 / 10
2026-08-08 01:15:19 | INFO     | federated.trainer      | ======================================================================
2026-08-08 01:15:19 | INFO     | federated.client.1     | Round 10 | client 1 | local training start (local_epochs=20, samples=14642)
2026-08-08 01:15:29 | INFO     | federated.client.1     | Round 10 | client 1 | local eval -> acc=0.9009 prec=0.8984 rec=0.8989 f1=0.8964 roc_auc=0.9931 loss=0.2478
2026-08-08 01:15:29 | INFO     | federated.client.2     | Round 10 | client 2 | local training start (local_epochs=20, samples=14642)
2026-08-08 01:15:39 | INFO     | federated.client.2     | Round 10 | client 2 | local eval -> acc=0.9141 prec=0.9094 rec=0.9067 f1=0.9077 roc_auc=0.9935 loss=0.2369
2026-08-08 01:15:39 | INFO     | federated.client.3     | Round 10 | client 3 | local training start (local_epochs=20, samples=14642)
2026-08-08 01:15:49 | INFO     | federated.client.3     | Round 10 | client 3 | local eval -> acc=0.9056 prec=0.9000 rec=0.8992 f1=0.8996 roc_auc=0.9938 loss=0.2222
2026-08-08 01:15:51 | INFO     | federated.trainer      | Round 10 broadcast -> model_version=global-v10 validation_passed=True
2026-08-08 01:15:56 | INFO     | federated.dataset_partition | Loaded global held-out test set | samples=7621 classes=13
2026-08-08 01:16:14 | INFO     | federated.dataset_partition | Loaded global held-out test set | samples=7621 classes=13
